SQL> 
SQL> ALTER SESSION SET NLS_DATE_FORMAT='YYYY/MM/DD';

Session modifié(e).

SQL> 
SQL> @creation_tables.sql
SQL> REM CREATION DES TABLES
SQL> 
SQL> CREATE TABLE JOUEUR(
  2  	NoJoueur						INTEGER			NOT NULL,
  3  	Courriel						VARCHAR2(256)	NOT NULL,
  4  	Surnom							VARCHAR2(50)	NOT NULL,
  5  	Miniature						BLOB,
  6  	Nom								VARCHAR2(100),
  7  	Prenom							VARCHAR2(100),
  8  	Actif							CHAR(1)
  9  );

Table JOUEUR créé(e).

SQL> 
SQL> CREATE TABLE ESRB(
  2  	Code							CHAR(1)			NOT NULL,
  3  	Description						VARCHAR2(50)	NOT NULL
  4  );

Table ESRB créé(e).

SQL> 
SQL> CREATE TABLE GENRE(
  2  	Code							CHAR(3)			NOT NULL,
  3  	Description						VARCHAR2(50)	NOT NULL,
  4  	CodeGenreParent					CHAR(3)			NOT NULL
  5  );

Table GENRE créé(e).

SQL> 
SQL> CREATE TABLE SOUS_GENRE_JEU(
  2  	CodeSousGenre					CHAR(3)			NOT NULL,
  3  	IdJeu							INTEGER			NOT NULL
  4  );

Table SOUS_GENRE_JEU créé(e).

SQL> 
SQL> CREATE TABLE JEU(
  2  	IdJeu							INTEGER			NOT NULL,
  3  	Nom								VARCHAR2(100)	NOT NULL,
  4  	Description						VARCHAR2(256)	NOT NULL,
  5  	CodeESRB						CHAR(1),
  6  	CodeGenre						CHAR(3)
  7  );

Table JEU créé(e).

SQL> 
SQL> CREATE TABLE CONTENU(
  2  	IdContenu						INTEGER			NOT NULL,
  3  	Nom								VARCHAR2(100)	NOT NULL,
  4  	Description						VARCHAR2(256)	NOT NULL,
  5  	DateSortie						DATE,
  6  	TypeContenu						VARCHAR2(1)		NOT NULL,
  7  	IdJeu							INTEGER			NOT NULL	
  8  );

Table CONTENU créé(e).

SQL> 
SQL> CREATE TABLE CONTENU_POSSEDE(
  2  	IdContenu						INTEGER			NOT NULL,
  3  	NoJoueur						INTEGER			NOT NULL
  4  );

Table CONTENU_POSSEDE créé(e).

SQL> 
SQL> CREATE TABLE SUCCES(
  2  	IdSucces						INTEGER			NOT NULL,
  3  	Titre							VARCHAR2(50)	NOT NULL,
  4  	Description						VARCHAR2(256),
  5  	Image							BLOB,
  6  	Valeur							NUMBER(3,0),
  7  	IdContenu						INTEGER			NOT NULL	
  8  );

Table SUCCES créé(e).

SQL> 
SQL> CREATE TABLE SUCCES_CALCULE(
  2  	IdSucces						INTEGER			NOT NULL,
  3  	MaximumRequis					NUMBER(3,0)		NOT NULL
  4  );

Table SUCCES_CALCULE créé(e).

SQL> 
SQL> CREATE TABLE SUCCES_REALISE(
  2  	IdContenu						INTEGER			NOT NULL,
  3  	NoJoueur						INTEGER			NOT NULL,
  4  	IdSucces						INTEGER			NOT NULL
  5  );

Table SUCCES_REALISE créé(e).

SQL> 
SQL> CREATE TABLE SUCCES_EN_COURS(
  2  	IdContenu						INTEGER			NOT NULL,
  3  	NoJoueur						INTEGER			NOT NULL,
  4  	IdSucces						INTEGER			NOT NULL,
  5  	Compteur						NUMBER(3,0)		NOT NULL
  6  );

Table SUCCES_EN_COURS créé(e).

SQL> 
SQL> 
SQL> CREATE TABLE FORFAIT(
  2  	Code							CHAR(5)			NOT NULL,
  3  	Nom								VARCHAR2(100),
  4  	Description						VARCHAR2(1000)
  5  );

Table FORFAIT créé(e).

SQL> 
SQL> CREATE TABLE PERIODE(
  2  	IdPeriode						INTEGER			NOT NULL,
  3  	DateDebut						DATE			NOT NULL,
  4  	DateFin							DATE			NOT NULL,
  5  	Prix							NUMBER (6,2)	NOT NULL,
  6  	CodeForfait						CHAR(5)			NOT NULL
  7  );

Table PERIODE créé(e).

SQL> 
SQL> CREATE TABLE PERIODE_FORFAIT_JOUEUR(
  2  	IdPeriode						INTEGER			NOT NULL,
  3  	NoJoueur						INTEGER			NOT NULL,
  4  	DateAchat						DATE			NOT NULL
  5  );

Table PERIODE_FORFAIT_JOUEUR créé(e).

SQL> 
SQL> CREATE TABLE RESEAU(
  2  	Code							CHAR(6)			NOT NULL,
  3  	Nom								VARCHAR2(50)	NOT NULL,
  4  	Description						VARCHAR2(100)	NOT NULL,
  5  	Actif							VARCHAR2(1)		NOT NULL
  6  );

Table RESEAU créé(e).

SQL> 
SQL> CREATE TABLE ABONNEMENT_RESEAU(
  2  	CodeReseau						CHAR(6)			NOT NULL,
  3  	NoJoueur						INTEGER			NOT NULL
  4  );

Table ABONNEMENT_RESEAU créé(e).

SQL> 
SQL> CREATE TABLE SUIVI_RESEAU(
  2  	IdSuivi							INTEGER			NOT NULL,
  3  	Moment							TIMESTAMP		NOT NULL,
  4  	CodeReseau						CHAR(6)			NOT NULL,
  5  	DateSuivi						DATE			NOT NULL,
  6  	Action							CHAR(3)			NOT NULL,
  7  	NoJoueur						INTEGER
  8  );

Table SUIVI_RESEAU créé(e).

SQL> 
SQL> CREATE TABLE AMI(
  2  	NoJoueurInvitant				INTEGER			NOT NULL,	
  3  	NoJoueurInvite					INTEGER			NOT NULL,	
  4  	DateDebut						DATE,
  5  	CodeStatut						CHAR(3)			NOT NULL	
  6  );

Table AMI créé(e).

SQL> 
SQL> CREATE TABLE STATUT_AMITIE(
  2  	CodeStatut						CHAR(3)			NOT NULL,
  3  	Description						VARCHAR2(25)	NOT NULL	
  4  );

Table STATUT_AMITIE créé(e).

SQL> 
SQL> CREATE TABLE SUIVI_AMITIE(
  2  	IdSuivi							INTEGER			NOT NULL,
  3  	Moment							TIMESTAMP		NOT NULL,
  4  	NoJoueurInvitant				INTEGER			NOT NULL,	
  5  	NoJoueurInvite					INTEGER			NOT NULL,	
  6  	DateSuivi						DATE			NOT NULL,
  7  	CodeStatut						CHAR(3)			NOT NULL
  8  );

Table SUIVI_AMITIE créé(e).

SQL> @creation_contraintes.sql
SQL> REM CLÉS PRIMAIRES (PK)
SQL> 
SQL> ALTER TABLE JOUEUR
  2  	ADD CONSTRAINT JOUEUR_PK
  3  	PRIMARY KEY (NoJoueur)	
  4  	USING INDEX;

Table JOUEUR modifié(e).

SQL> 
SQL> ALTER TABLE ESRB
  2  	ADD CONSTRAINT ESRB_PK
  3  	PRIMARY KEY (Code)	
  4  	USING INDEX;

Table ESRB modifié(e).

SQL> 
SQL> ALTER TABLE GENRE
  2  	ADD CONSTRAINT GENRE_PK
  3  	PRIMARY KEY (Code)	
  4  	USING INDEX;

Table GENRE modifié(e).

SQL> 
SQL> ALTER TABLE SOUS_GENRE_JEU
  2  	ADD CONSTRAINT SOUS_GENRE_JEU_PK
  3  	PRIMARY KEY (CodeSousGenre, IdJeu)	
  4  	USING INDEX;

Table SOUS_GENRE_JEU modifié(e).

SQL> 
SQL> ALTER TABLE JEU
  2  	ADD CONSTRAINT JEU_PK
  3  	PRIMARY KEY (IdJeu)	
  4  	USING INDEX;

Table JEU modifié(e).

SQL> 
SQL> ALTER TABLE CONTENU
  2  	ADD CONSTRAINT CONTENU_PK
  3  	PRIMARY KEY (IdContenu)	
  4  	USING INDEX;

Table CONTENU modifié(e).

SQL> 
SQL> ALTER TABLE CONTENU_POSSEDE
  2  	ADD CONSTRAINT CONTENU_POSSEDE_PK
  3  	PRIMARY KEY (IdContenu, NoJoueur)	
  4  	USING INDEX;

Table CONTENU_POSSEDE modifié(e).

SQL> 
SQL> ALTER TABLE SUCCES
  2  	ADD CONSTRAINT SUCCES_PK
  3  	PRIMARY KEY (IdSucces)	
  4  	USING INDEX;

Table SUCCES modifié(e).

SQL> 
SQL> ALTER TABLE SUCCES_CALCULE
  2  	ADD CONSTRAINT SUCCES_CALCULE_PK
  3  	PRIMARY KEY (IdSucces)	
  4  	USING INDEX;

Table SUCCES_CALCULE modifié(e).

SQL> 
SQL> ALTER TABLE SUCCES_REALISE
  2  	ADD CONSTRAINT SUCCES_REALISE_PK
  3  	PRIMARY KEY (IdContenu, NoJoueur, IdSucces)	
  4  	USING INDEX;

Table SUCCES_REALISE modifié(e).

SQL> 
SQL> ALTER TABLE SUCCES_EN_COURS
  2  	ADD CONSTRAINT SUCCES_EN_COURS_PK
  3  	PRIMARY KEY (IdContenu, NoJoueur, IdSucces)	
  4  	USING INDEX;

Table SUCCES_EN_COURS modifié(e).

SQL> 
SQL> ALTER TABLE FORFAIT
  2  	ADD CONSTRAINT FORFAIT_PK
  3  	PRIMARY KEY (Code)	
  4  	USING INDEX;

Table FORFAIT modifié(e).

SQL> 
SQL> ALTER TABLE PERIODE
  2  	ADD CONSTRAINT PERIODE_PK
  3  	PRIMARY KEY (IdPeriode)	
  4  	USING INDEX;

Table PERIODE modifié(e).

SQL> 
SQL> ALTER TABLE PERIODE_FORFAIT_JOUEUR
  2  	ADD CONSTRAINT PERIODE_FORFAIT_JOUEUR_PK
  3  	PRIMARY KEY (IdPeriode, NoJoueur)
  4  	USING INDEX;

Table PERIODE_FORFAIT_JOUEUR modifié(e).

SQL> 
SQL> ALTER TABLE RESEAU
  2  	ADD CONSTRAINT RESEAU_PK
  3  	PRIMARY KEY (Code)	
  4  	USING INDEX;

Table RESEAU modifié(e).

SQL> 
SQL> ALTER TABLE ABONNEMENT_RESEAU
  2  	ADD CONSTRAINT ABONNEMENT_RESEAU_PK
  3  	PRIMARY KEY (CodeReseau, NoJoueur)	
  4  	USING INDEX;

Table ABONNEMENT_RESEAU modifié(e).

SQL> 
SQL> ALTER TABLE SUIVI_RESEAU
  2  	ADD CONSTRAINT SUIVI_RESEAU_PK
  3  	PRIMARY KEY (IdSuivi)	
  4  	USING INDEX;

Table SUIVI_RESEAU modifié(e).

SQL> 
SQL> ALTER TABLE AMI
  2  	ADD CONSTRAINT AMI_PK
  3  	PRIMARY KEY (NoJoueurInvitant, NoJoueurInvite)	
  4  	USING INDEX;

Table AMI modifié(e).

SQL> 
SQL> ALTER TABLE STATUT_AMITIE
  2  	ADD CONSTRAINT STATUT_AMITIE_PK
  3  	PRIMARY KEY (CodeStatut)	
  4  	USING INDEX;

Table STATUT_AMITIE modifié(e).

SQL> 
SQL> ALTER TABLE SUIVI_AMITIE
  2  	ADD CONSTRAINT SUIVI_AMITIE_PK
  3  	PRIMARY KEY (IdSuivi)	
  4  	USING INDEX;

Table SUIVI_AMITIE modifié(e).

SQL> 
SQL> 
SQL> REM CLÉS ÉTRANGÈRES (FK)
SQL> 
SQL> ALTER TABLE GENRE
  2  	ADD CONSTRAINT GENRE_FK
  3  	FOREIGN KEY (CodeGenreParent)
  4  	REFERENCES GENRE (Code);

Table GENRE modifié(e).

SQL> 
SQL> ALTER TABLE SOUS_GENRE_JEU
  2  	ADD CONSTRAINT SOUS_GENRE_JEU_SOUS_GENRE_FK
  3  	FOREIGN KEY (CodeSousGenre)
  4  	REFERENCES GENRE (Code);

Table SOUS_GENRE_JEU modifié(e).

SQL> 
SQL> ALTER TABLE SOUS_GENRE_JEU
  2  	ADD CONSTRAINT SOUS_GENRE_JEU_ID_JEU_FK
  3  	FOREIGN KEY (IdJeu)
  4  	REFERENCES JEU (IdJeu);

Table SOUS_GENRE_JEU modifié(e).

SQL> 
SQL> ALTER TABLE JEU
  2  	ADD CONSTRAINT JEU_CODE_ESRB_FK
  3  	FOREIGN KEY (CodeESRB)
  4  	REFERENCES ESRB (Code);

Table JEU modifié(e).

SQL> 
SQL> ALTER TABLE JEU
  2  	ADD CONSTRAINT JEU_CODE_GENRE_FK
  3  	FOREIGN KEY (CodeGenre)
  4  	REFERENCES GENRE (Code);

Table JEU modifié(e).

SQL> 
SQL> ALTER TABLE CONTENU
  2  	ADD CONSTRAINT CONTENU_FK
  3  	FOREIGN KEY (IdJeu)
  4  	REFERENCES JEU (IdJeu);

Table CONTENU modifié(e).

SQL> 
SQL> ALTER TABLE CONTENU_POSSEDE
  2  	ADD CONSTRAINT CONTENU_POSSEDE_ID_CONTENU_FK
  3  	FOREIGN KEY (IdContenu)
  4  	REFERENCES Contenu (IdContenu);

Table CONTENU_POSSEDE modifié(e).

SQL> 
SQL> ALTER TABLE CONTENU_POSSEDE
  2  	ADD CONSTRAINT CONTENU_POSSEDE_NO_JOUEUR_FK
  3  	FOREIGN KEY (NoJoueur)
  4  	REFERENCES Joueur (NoJoueur);

Table CONTENU_POSSEDE modifié(e).

SQL> 
SQL> ALTER TABLE SUCCES
  2  	ADD CONSTRAINT SUCCES_FK
  3  	FOREIGN KEY (IdContenu)
  4  	REFERENCES CONTENU (IdContenu);

Table SUCCES modifié(e).

SQL> 
SQL> ALTER TABLE SUCCES_CALCULE
  2  	ADD CONSTRAINT SUCCES_CALCULE_FK
  3  	FOREIGN KEY (IdSucces)
  4  	REFERENCES SUCCES (IdSucces);

Table SUCCES_CALCULE modifié(e).

SQL> 
SQL> ALTER TABLE SUCCES_REALISE
  2  	ADD CONSTRAINT SUCCES_REALISE_ID_SUCCES_FK
  3  	FOREIGN KEY (IdSucces)
  4  	REFERENCES SUCCES (IdSucces);

Table SUCCES_REALISE modifié(e).

SQL> 
SQL> ALTER TABLE SUCCES_REALISE
  2  	ADD CONSTRAINT SUCCES_REALISE_CONTENU_FK
  3  	FOREIGN KEY (IdContenu, NoJoueur)
  4  	REFERENCES CONTENU_POSSEDE (IdContenu, NoJoueur);

Table SUCCES_REALISE modifié(e).

SQL> 
SQL> ALTER TABLE SUCCES_EN_COURS
  2  	ADD CONSTRAINT SUCCES_EN_COURS_ID_SUCCES_FK
  3  	FOREIGN KEY (IdSucces)
  4  	REFERENCES SUCCES_CALCULE (IdSucces);

Table SUCCES_EN_COURS modifié(e).

SQL> 
SQL> ALTER TABLE SUCCES_EN_COURS
  2  	ADD CONSTRAINT SUCCES_EN_COURS_CONTENU_FK
  3  	FOREIGN KEY (IdContenu, NoJoueur)
  4  	REFERENCES CONTENU_POSSEDE (IdContenu, NoJoueur);

Table SUCCES_EN_COURS modifié(e).

SQL> 
SQL> ALTER TABLE PERIODE
  2  	ADD CONSTRAINT PERIODE_FK
  3  	FOREIGN KEY (CodeForfait)
  4  	REFERENCES FORFAIT (Code);

Table PERIODE modifié(e).

SQL> 
SQL> ALTER TABLE PERIODE_FORFAIT_JOUEUR
  2  	ADD CONSTRAINT PERIODE_FORF_J_ID_PERIODE_FK
  3  	FOREIGN KEY (IdPeriode)
  4  	REFERENCES PERIODE (IdPeriode);

Table PERIODE_FORFAIT_JOUEUR modifié(e).

SQL> 
SQL> ALTER TABLE PERIODE_FORFAIT_JOUEUR
  2  	ADD CONSTRAINT PERIODE_FORF_J_NO_JOUEUR_FK
  3  	FOREIGN KEY (NoJoueur)
  4  	REFERENCES JOUEUR (NoJoueur);

Table PERIODE_FORFAIT_JOUEUR modifié(e).

SQL> 
SQL> ALTER TABLE ABONNEMENT_RESEAU
  2  	ADD CONSTRAINT ABONNEMENT_CODE_RESEAU_FK
  3  	FOREIGN KEY (CodeReseau)
  4  	REFERENCES RESEAU (Code);

Table ABONNEMENT_RESEAU modifié(e).

SQL> 
SQL> ALTER TABLE ABONNEMENT_RESEAU
  2  	ADD CONSTRAINT ABONNEMENT_NO_JOUEUR_FK
  3  	FOREIGN KEY (NoJoueur)
  4  	REFERENCES JOUEUR (NoJoueur);

Table ABONNEMENT_RESEAU modifié(e).

SQL> 
SQL> ALTER TABLE SUIVI_RESEAU
  2  	ADD CONSTRAINT SUIVI_RESEAU_CODE_RESEAU_FK
  3  	FOREIGN KEY (CodeReseau)
  4  	REFERENCES RESEAU (Code);

Table SUIVI_RESEAU modifié(e).

SQL> 
SQL> ALTER TABLE SUIVI_RESEAU
  2  	ADD CONSTRAINT SUIVI_RESEAU_NO_JOUEUR_FK
  3  	FOREIGN KEY (NoJoueur)
  4  	REFERENCES JOUEUR (NoJoueur);

Table SUIVI_RESEAU modifié(e).

SQL> 
SQL> ALTER TABLE AMI 
  2  	ADD CONSTRAINT AMI_CODE_STATUT_FK
  3  	FOREIGN KEY (CodeStatut)
  4  	REFERENCES STATUT_AMITIE (CodeStatut);

Table AMI modifié(e).

SQL> 
SQL> ALTER TABLE AMI
  2  	ADD CONSTRAINT AMI_NO_JOUEUR_INVITANT_FK
  3  	FOREIGN KEY (NoJoueurInvitant)
  4  	REFERENCES JOUEUR (NoJoueur);

Table AMI modifié(e).

SQL> 
SQL> ALTER TABLE AMI
  2  	ADD CONSTRAINT AMI_NO_JOUEUR_INVITE_FK
  3  	FOREIGN KEY (NoJoueurInvite)
  4  	REFERENCES JOUEUR (NoJoueur);

Table AMI modifié(e).

SQL> 
SQL> ALTER TABLE SUIVI_AMITIE
  2  	ADD CONSTRAINT SUIVI_AMI_NO_J_INVITANT_FK
  3  	FOREIGN KEY (NoJoueurInvitant)
  4  	REFERENCES JOUEUR (NoJoueur);

Table SUIVI_AMITIE modifié(e).

SQL> 
SQL> ALTER TABLE SUIVI_AMITIE
  2  	ADD CONSTRAINT SUIVI_AMI_NO_J_INVITE_FK
  3  	FOREIGN KEY (NoJoueurInvite)
  4  	REFERENCES JOUEUR (NoJoueur);

Table SUIVI_AMITIE modifié(e).

SQL> 
SQL> ALTER TABLE SUIVI_AMITIE
  2  	ADD CONSTRAINT SUIVI_AMITIE_CODE_STATUT_FK
  3  	FOREIGN KEY (CodeStatut)
  4  	REFERENCES STATUT_AMITIE (CodeStatut);

Table SUIVI_AMITIE modifié(e).

SQL> 
SQL> 
SQL> REM Champs UNIQUE
SQL> 
SQL> ALTER TABLE JOUEUR
  2  	ADD CONSTRAINT JOUEUR_UNIQUE UNIQUE (Courriel, Surnom);

Table JOUEUR modifié(e).

SQL> 
SQL> 
SQL> REM Listes des constraintes (CHECK CONSTRAINT)
SQL> 
SQL> ALTER TABLE CONTENU
  2  	ADD CONSTRAINT CHECK_CONTENU_TYPE CHECK (
  3  		TypeContenu IN ('J', 'D', 'O')
  4  	);

Table CONTENU modifié(e).

SQL> 
SQL> ALTER TABLE JOUEUR
  2  	ADD CONSTRAINT CHECK_JOUEUR_ACTIF CHECK (
  3  		Actif IN ('1', '0')
  4  	);

Table JOUEUR modifié(e).

SQL> 
SQL> ALTER TABLE RESEAU
  2  	ADD CONSTRAINT CHECK_RESEAU_ACTIF CHECK (
  3  		Actif IN ('1', '0')
  4  	);

Table RESEAU modifié(e).

SQL> 
SQL> ALTER TABLE SUIVI_RESEAU
  2  	ADD CONSTRAINT CHECK_SUIVI_RESEAU_ACTION CHECK (
  3  		Action IN ('CRE', 'SUP', 'ACT', 'DES', 'ABO', 'DSA')
  4  	);

Table SUIVI_RESEAU modifié(e).

SQL> REM 'CREATION RESEAU', 'SUPPRESSION RESEAU', 
SQL> REM 'ACTIVATION RESEAU', 'DESACTIVATION RESEAU', 
SQL> REM 'ABONNEMENT JOUEUR', 'DESABONNEMENT JOUEUR'
SQL> 
SQL> ALTER TABLE SUCCES
  2  	ADD CONSTRAINT CHECK_SUCCES_VALEUR CHECK (Valeur > 0);

Table SUCCES modifié(e).

SQL> 
SQL> ALTER TABLE SUCCES_CALCULE
  2  	ADD CONSTRAINT CHECK_SUCCES_C_MAX_REQUIS CHECK (MaximumRequis > 0);

Table SUCCES_CALCULE modifié(e).

SQL> 
SQL> ALTER TABLE SUCCES_EN_COURS
  2  	ADD CONSTRAINT CHECK_SUCCES_EN_COURS_COMPTEUR CHECK (Compteur > 0);

Table SUCCES_EN_COURS modifié(e).

SQL> 
SQL> ALTER TABLE PERIODE
  2  	ADD CONSTRAINT CHECK_PERIODE_PRIX CHECK (Prix >= 0);

Table PERIODE modifié(e).

SQL> 
SQL> 
SQL> REM Valeurs par défaut
SQL> 
SQL> ALTER TABLE SUCCES_EN_COURS
  2    MODIFY (Compteur DEFAULT 0);

Table SUCCES_EN_COURS modifié(e).

SQL> 
SQL> ALTER TABLE PERIODE_FORFAIT_JOUEUR
  2    MODIFY (DateAchat DEFAULT SysDate);

Table PERIODE_FORFAIT_JOUEUR modifié(e).

SQL> 
SQL> ALTER TABLE JOUEUR
  2    MODIFY (Actif DEFAULT '1');

Table JOUEUR modifié(e).

SQL> 
SQL> ALTER TABLE RESEAU
  2    MODIFY (Actif DEFAULT '1');

Table RESEAU modifié(e).

SQL> 
SQL> ALTER TABLE RESEAU
  2    MODIFY (Actif DEFAULT '1');

Table RESEAU modifié(e).

SQL> 
SQL> ALTER TABLE SUIVI_RESEAU
  2    MODIFY (Moment DEFAULT CURRENT_TIMESTAMP);

Table SUIVI_RESEAU modifié(e).

SQL> 
SQL> ALTER TABLE SUIVI_AMITIE
  2    MODIFY (Moment DEFAULT CURRENT_TIMESTAMP);

Table SUIVI_AMITIE modifié(e).

SQL> 
SQL> 
SQL> REM Séquences
SQL> 
SQL> CREATE SEQUENCE JEU_SEQ;

Sequence JEU_SEQ créé(e).

SQL> CREATE SEQUENCE CONTENU_SEQ;

Sequence CONTENU_SEQ créé(e).

SQL> CREATE SEQUENCE SUCCES_SEQ;

Sequence SUCCES_SEQ créé(e).

SQL> CREATE SEQUENCE PERIODE_SEQ;

Sequence PERIODE_SEQ créé(e).

SQL> CREATE SEQUENCE JOUEUR_SEQ;

Sequence JOUEUR_SEQ créé(e).

SQL> CREATE SEQUENCE SUIVI_AMITIE_SEQ;

Sequence SUIVI_AMITIE_SEQ créé(e).

SQL> CREATE SEQUENCE SUIVI_RESEAU_SEQ;

Sequence SUIVI_RESEAU_SEQ créé(e).

SQL> @creation_scripts.sql
SQL> REM CREATION DES SCRIPTS
SQL> 
SQL> @scripts/creation_declencheurs.sql
SQL> REM CREATION DES TRIGGERS
SQL> 
SQL> @declencheurs/sequences.sql
SQL> CREATE SEQUENCE CONTENU_SEQ
  2      MINVALUE 1
  3      START WITH 1
  4      INCREMENT BY 1;

Erreur commençant à la ligne: 1 Fichier @ C:\Users\utilisateur\Downloads\travail2\SQL_DEPART\scripts\declencheurs\sequences.sql
Dans la commande -
CREATE SEQUENCE CONTENU_SEQ
    MINVALUE 1
    START WITH 1
    INCREMENT BY 1
Rapport d'erreur -
ORA-00955: ce nom d'objet existe déjà
00955. 00000 -  "name is already used by an existing object"
*Cause:    
*Action:
SQL> CREATE TRIGGER CONTENU_ID_TRG
  2      BEFORE INSERT
  3      ON CONTENU
  4      FOR EACH ROW
  5  BEGIN
  6      SELECT CONTENU_SEQ.NEXTVAL
  7          INTO :NEW.IDCONTENU
  8          FROM DUAL;
  9  END;
 10  /

Elément Trigger CONTENU_ID_TRG compilé

SQL> 
SQL> CREATE SEQUENCE JEU_SEQ;

Erreur commençant à la ligne: 16 Fichier @ C:\Users\utilisateur\Downloads\travail2\SQL_DEPART\scripts\declencheurs\sequences.sql
Dans la commande -
CREATE SEQUENCE JEU_SEQ
Rapport d'erreur -
ORA-00955: ce nom d'objet existe déjà
00955. 00000 -  "name is already used by an existing object"
*Cause:    
*Action:
SQL> CREATE TRIGGER JEU_ID_TRG
  2      BEFORE INSERT
  3      ON JEU
  4      FOR EACH ROW
  5  BEGIN
  6      SELECT JEU_SEQ.NEXTVAL
  7          INTO :NEW.IDJEU
  8          FROM DUAL;
  9  END;
 10  /

Elément Trigger JEU_ID_TRG compilé

SQL> 
SQL> CREATE SEQUENCE JOUEUR_SEQ;

Erreur commençant à la ligne: 28 Fichier @ C:\Users\utilisateur\Downloads\travail2\SQL_DEPART\scripts\declencheurs\sequences.sql
Dans la commande -
CREATE SEQUENCE JOUEUR_SEQ
Rapport d'erreur -
ORA-00955: ce nom d'objet existe déjà
00955. 00000 -  "name is already used by an existing object"
*Cause:    
*Action:
SQL> CREATE TRIGGER JOUEUR_ID_TRG
  2      BEFORE INSERT
  3      ON JOUEUR
  4      FOR EACH ROW
  5  BEGIN
  6      SELECT JOUEUR_SEQ.NEXTVAL
  7          INTO :NEW.NOJOUEUR
  8          FROM DUAL;
  9  END;
 10  /

Elément Trigger JOUEUR_ID_TRG compilé

SQL> 
SQL> CREATE SEQUENCE PERIODE_SEQ;

Erreur commençant à la ligne: 40 Fichier @ C:\Users\utilisateur\Downloads\travail2\SQL_DEPART\scripts\declencheurs\sequences.sql
Dans la commande -
CREATE SEQUENCE PERIODE_SEQ
Rapport d'erreur -
ORA-00955: ce nom d'objet existe déjà
00955. 00000 -  "name is already used by an existing object"
*Cause:    
*Action:
SQL> CREATE TRIGGER PERIODE_ID_TRG
  2      BEFORE INSERT
  3      ON PERIODE
  4      FOR EACH ROW
  5  BEGIN
  6      SELECT PERIODE_SEQ.NEXTVAL
  7          INTO :NEW.IDPERIODE
  8          FROM DUAL;
  9  END;
 10  /

Elément Trigger PERIODE_ID_TRG compilé

SQL> 
SQL> CREATE SEQUENCE SUCCES_SEQ;

Erreur commençant à la ligne: 52 Fichier @ C:\Users\utilisateur\Downloads\travail2\SQL_DEPART\scripts\declencheurs\sequences.sql
Dans la commande -
CREATE SEQUENCE SUCCES_SEQ
Rapport d'erreur -
ORA-00955: ce nom d'objet existe déjà
00955. 00000 -  "name is already used by an existing object"
*Cause:    
*Action:
SQL> CREATE TRIGGER SUCCES_ID_TRG
  2      BEFORE INSERT
  3      ON SUCCES
  4      FOR EACH ROW
  5  BEGIN
  6      SELECT SUCCES_SEQ.NEXTVAL
  7          INTO :NEW.IDSUCCES
  8          FROM DUAL;
  9  END;
 10  /

Elément Trigger SUCCES_ID_TRG compilé

SQL> 
SQL> CREATE SEQUENCE SUIVI_AMITIE_SEQ;

Erreur commençant à la ligne: 64 Fichier @ C:\Users\utilisateur\Downloads\travail2\SQL_DEPART\scripts\declencheurs\sequences.sql
Dans la commande -
CREATE SEQUENCE SUIVI_AMITIE_SEQ
Rapport d'erreur -
ORA-00955: ce nom d'objet existe déjà
00955. 00000 -  "name is already used by an existing object"
*Cause:    
*Action:
SQL> CREATE TRIGGER SUIVI_AMITIE_ID_TRG
  2      BEFORE INSERT
  3      ON SUIVI_AMITIE
  4      FOR EACH ROW
  5  BEGIN
  6      SELECT SUIVI_AMITIE_SEQ.NEXTVAL
  7          INTO :NEW.IDSUIVI
  8          FROM DUAL;
  9  END;
 10  /

Elément Trigger SUIVI_AMITIE_ID_TRG compilé

SQL> 
SQL> CREATE SEQUENCE SUIVI_RESEAU_SEQ;

Erreur commençant à la ligne: 76 Fichier @ C:\Users\utilisateur\Downloads\travail2\SQL_DEPART\scripts\declencheurs\sequences.sql
Dans la commande -
CREATE SEQUENCE SUIVI_RESEAU_SEQ
Rapport d'erreur -
ORA-00955: ce nom d'objet existe déjà
00955. 00000 -  "name is already used by an existing object"
*Cause:    
*Action:
SQL> CREATE TRIGGER SUIVI_RESEAU_ID_TRG
  2      BEFORE INSERT
  3      ON SUIVI_RESEAU
  4      FOR EACH ROW
  5  BEGIN
  6      SELECT SUIVI_RESEAU_SEQ.NEXTVAL
  7          INTO :NEW.IDSUIVI
  8          FROM DUAL;
  9  END;
 10  /

Elément Trigger SUIVI_RESEAU_ID_TRG compilé

SQL> 
SQL> @declencheurs/nouveauSuccesEnCours.sql 
SQL> CREATE OR REPLACE TRIGGER NouveauSuccesEnCours_TRG
  2  BEFORE INSERT 
  3  ON SUCCES_EN_COURS
  4  FOR EACH ROW
  5  
  6  DECLARE COMPLETED_SUCCESS number:=0;
  7  
  8  BEGIN
  9  
 10      SELECT count(*) INTO COMPLETED_SUCCESS from SUCCES_REALISE where IdSucces = :NEW.IDSUCCES;
 11      --if we find a already existing success, don't insert
 12      IF (COMPLETED_SUCCESS > 0)
 13      THEN
 14       raise_application_error(-20000, 'Succès déjà complété.');
 15      END IF;
 16      null;
 17  
 18  
 19  END;
 20  /

Elément Trigger NOUVEAUSUCCESENCOURS_TRG compilé

SQL> @declencheurs/genre.sql 
SQL> CREATE OR REPLACE TRIGGER Genre_TRG
  2  BEFORE UPDATE 
  3  ON JEU
  4  FOR EACH ROW
  5  
  6  BEGIN
  7  
  8      if (:old.codegenre != :new.codegenre)
  9      then
 10          delete from sous_genre_jeu where idJeu = :old.idJeu;
 11      end if;
 12  
 13  
 14  END;
 15  /

Elément Trigger GENRE_TRG compilé

SQL> @declencheurs/suiviReseau.sql 
SQL> CREATE OR REPLACE TRIGGER Suivi_Reseau_TRG
  2  AFTER UPDATE OR INSERT 
  3  ON RESEAU
  4  FOR EACH ROW
  5  
  6  DECLARE 
  7      currentMoment timestamp;
  8      currentAction SUIVI_RESEAU.ACTION%type;
  9  
 10  BEGIN
 11       SELECT SYSTIMESTAMP into currentMoment FROM DUAL;
 12  
 13      if INSERTING  
 14      then
 15      currentAction := 'CRE';
 16  
 17      elsif UPDATING
 18      then
 19          if (:new.Actif = '1')   then
 20              currentAction := 'ACT';
 21          else
 22              currentAction := 'DES';
 23          end if;
 24  
 25  
 26      end if;
 27  
 28  
 29      insert into SUIVI_RESEAU ( codeReseau, DateSuivi, Action)
 30          VALUES(:new.code, currentMoment, currentAction );
 31  
 32  
 33  
 34  
 35  END;
 36  /

Elément Trigger SUIVI_RESEAU_TRG compilé

SQL> @declencheurs/suiviAbonnementReseau.sql
SQL> CREATE OR REPLACE TRIGGER Suivi_Abonnement_Reseau_TRG
  2  AFTER DELETE OR INSERT 
  3  ON ABONNEMENT_RESEAU
  4  FOR EACH ROW
  5  
  6  DECLARE 
  7      currentDate DATE;
  8      currentAction SUIVI_RESEAU.ACTION%TYPE;
  9  BEGIN
 10      SELECT SYSDATE into currentDate FROM DUAL;
 11  
 12      IF DELETING THEN
 13          INSERT INTO SUIVI_RESEAU (CODERESEAU, DATESUIVI, ACTION, NOJOUEUR) VALUES (:OLD.CODERESEAU, currentDate, 'DSA', :OLD.NOJOUEUR);
 14  
 15      ELSIF INSERTING THEN
 16          INSERT INTO SUIVI_RESEAU (CODERESEAU, DATESUIVI, ACTION, NOJOUEUR) VALUES (:NEW.CODERESEAU, currentDate, 'ABO', :NEW.NOJOUEUR);
 17  
 18      END IF;
 19  
 20  END;    
 21  /

Elément Trigger SUIVI_ABONNEMENT_RESEAU_TRG compilé

SQL> @declencheurs/suiviAmi.sql
SQL> CREATE OR REPLACE TRIGGER Suivi_Ami_TRG
  2  AFTER UPDATE OR INSERT OR DELETE
  3  ON AMI
  4  FOR EACH ROW
  5  
  6  DECLARE 
  7      currentMoment timestamp;
  8  
  9  BEGIN
 10      SELECT SYSTIMESTAMP into currentMoment FROM DUAL;
 11  
 12      if INSERTING or UPDATING
 13      then
 14          insert into SUIVI_AMITIE (DATESUIVI, CODESTATUT, NOJOUEURINVITANT, NOJOUEURINVITE)
 15          values (currentMoment, :NEW.CODESTATUT, :NEW.NOJOUEURINVITANT, :NEW.NOJOUEURINVITE);
 16  
 17      elsif DELETING
 18      then
 19          insert into SUIVI_AMITIE (DATESUIVI, CODESTATUT, NOJOUEURINVITANT, NOJOUEURINVITE)
 20          values (currentMoment, :OLD.CODESTATUT, :OLD.NOJOUEURINVITANT, :OLD.NOJOUEURINVITE);
 21  
 22      end if;
 23  
 24  END;
 25  /

Elément Trigger SUIVI_AMI_TRG compilé

SQL> @scripts/creation_procedures.sql
SQL> REM CREATION DES PROCEDURES
SQL> 
SQL> @procedures/ajoutForfait.sql
SQL> CREATE OR REPLACE PROCEDURE ajoutForfait(
  2      Code IN FORFAIT.CODE%TYPE,
  3      Nom IN FORFAIT.NOM%TYPE,
  4      Description IN FORFAIT.DESCRIPTION%TYPE,
  5      Prix IN PERIODE.PRIX%TYPE
  6      )
  7  IS
  8      NomForfait FORFAIT.NOM%TYPE;
  9      Today DATE;
 10  BEGIN
 11      SELECT SYSDATE INTO Today FROM DUAL;
 12      NomForfait := Nom;
 13  
 14      IF (NomForfait IS NULL)
 15      THEN
 16          NomForfait := 'DEFAULT';
 17      END IF;
 18  
 19      INSERT INTO FORFAIT VALUES (Code, NomForfait, Description);
 20      INSERT INTO PERIODE (DATEDEBUT, DATEFIN, PRIX, CODEFORFAIT) VALUES (Today, add_months(Today, 12), Prix, Code);
 21  
 22  END;
 23  /

Elément Procedure AJOUTFORFAIT compilé

SQL> @procedures/prolongationForfait.sql
SQL> SET SERVEROUTPUT ON;
SQL> CREATE OR REPLACE PROCEDURE prolongationForfait(
  2      CodeForfaitRecherche IN FORFAIT.CODE%TYPE,
  3      PlayerCount OUT NUMBER
  4      )
  5  IS
  6      rec_PERIODE_FORFAIT_JOUEUR PERIODE_FORFAIT_JOUEUR%ROWTYPE;
  7      Today DATE;
  8  
  9      CURSOR cur_PERIODE_FORFAIT_JOUEUR IS
 10      SELECT * FROM PERIODE_FORFAIT_JOUEUR WHERE
 11      IDPERIODE IN (SELECT PERIODE.IDPERIODE FROM PERIODE WHERE CODEFORFAIT = CodeForfaitRecherche)
 12      FOR UPDATE;
 13  BEGIN
 14      PlayerCount := 0;
 15  
 16      SELECT SYSDATE INTO Today FROM DUAL;
 17  
 18      OPEN cur_PERIODE_FORFAIT_JOUEUR;
 19  
 20      FETCH cur_PERIODE_FORFAIT_JOUEUR INTO rec_PERIODE_FORFAIT_JOUEUR;
 21      WHILE cur_PERIODE_FORFAIT_JOUEUR%FOUND LOOP
 22          IF (rec_PERIODE_FORFAIT_JOUEUR.DATEACHAT >= add_months(Today, -12)) 
 23          THEN
 24              UPDATE PERIODE_FORFAIT_JOUEUR SET DATEACHAT = add_months(DATEACHAT, 2)
 25              WHERE CURRENT OF cur_PERIODE_FORFAIT_JOUEUR;
 26              PlayerCount := PlayerCount + 1;
 27          END IF;
 28  
 29          FETCH cur_PERIODE_FORFAIT_JOUEUR INTO rec_PERIODE_FORFAIT_JOUEUR;
 30      END LOOP;
 31  
 32  
 33      CLOSE cur_PERIODE_FORFAIT_JOUEUR;
 34  
 35  END;
 36  /

Elément Procedure PROLONGATIONFORFAIT compilé

SQL> @procedures/ajusterPromotion.sql
SQL> CREATE OR REPLACE PROCEDURE ajusterPromotion(
  2      CodeForfait OUT FORFAIT.CODE%TYPE,
  3      NewPrice OUT PERIODE.PRIX%TYPE
  4      )
  5  IS
  6      IDForfaitPlusPopulaire PERIODE.IDPERIODE%TYPE;
  7      CodeReseauPlusPopulaire ABONNEMENT_RESEAU.CODERESEAU%TYPE;
  8      CodeForfaitPlusCher FORFAIT.CODE%TYPE;
  9  BEGIN
 10  
 11      SELECT * INTO CodeReseauPlusPopulaire FROM (SELECT CODERESEAU FROM ABONNEMENT_RESEAU GROUP BY CODERESEAU ORDER BY COUNT(CODERESEAU) DESC) WHERE ROWNUM = 1;
 12  
 13      SELECT * INTO IDForfaitPlusPopulaire FROM (SELECT PERIODE.IDPERIODE FROM JOUEUR 
 14      JOIN ABONNEMENT_RESEAU ON JOUEUR.NOJOUEUR = ABONNEMENT_RESEAU.NOJOUEUR
 15      JOIN PERIODE_FORFAIT_JOUEUR ON PERIODE_FORFAIT_JOUEUR.NOJOUEUR = JOUEUR.NOJOUEUR
 16      JOIN PERIODE ON PERIODE.IDPERIODE = PERIODE_FORFAIT_JOUEUR.IDPERIODE
 17      WHERE ABONNEMENT_RESEAU.CODERESEAU = CodeReseauPlusPopulaire
 18      GROUP BY PERIODE.IDPERIODE
 19      ORDER BY COUNT(PERIODE.IDPERIODE) DESC)
 20      WHERE ROWNUM = 1;
 21  
 22      SELECT * INTO CodeForfaitPlusCher FROM (SELECT IDPERIODE FROM PERIODE GROUP BY IDPERIODE ORDER BY MAX(PRIX) DESC) WHERE ROWNUM = 1;
 23  
 24      IF (IDForfaitPlusPopulaire != CodeForfaitPlusCher) THEN
 25          UPDATE PERIODE SET PRIX = PRIX*1.1 WHERE IDPERIODE = IDForfaitPlusPopulaire; 
 26      END IF;
 27  
 28      SELECT PERIODE.PRIX, PERIODE.CODEFORFAIT INTO NewPrice, CodeForfait FROM PERIODE WHERE PERIODE.IDPERIODE = IDForfaitPlusPopulaire AND ROWNUM = 1;
 29  
 30  
 31  END;
 32  /

Elément Procedure AJUSTERPROMOTION compilé

SQL> @procedures/suppressionJeu.sql
SQL> SET SERVEROUTPUT ON
SQL> CREATE OR REPLACE PROCEDURE suppressionJeu(
  2      CodeExecution OUT NUMBER,
  3      NomDuJeu IN JEU.NOM%TYPE
  4      )
  5  IS
  6      JeuExiste NUMBER;
  7      ContenuPossedeCount NUMBER;
  8      IdJeuASupprimer JEU.IDJEU%TYPE;
  9  BEGIN
 10      SELECT COUNT(JEU.IDJEU) INTO JeuExiste FROM JEU WHERE NOM = NomDuJeu;
 11      IF(JeuExiste = 0) THEN
 12          CodeExecution := 1;
 13          RETURN;
 14      ELSIF(JeuExiste > 1) THEN
 15          CodeExecution := 2;
 16          RETURN;
 17      END IF;
 18  
 19      SELECT COUNT(CONTENU_POSSEDE.IDCONTENU) INTO ContenuPossedeCount FROM JEU
 20      JOIN CONTENU ON CONTENU.IDJEU = JEU.IDJEU
 21      JOIN CONTENU_POSSEDE ON CONTENU.IDCONTENU = CONTENU_POSSEDE.IDCONTENU
 22      WHERE JEU.NOM = NomDuJeu;
 23      IF (ContenuPossedeCount > 0) THEN
 24          CodeExecution := 3;
 25          RETURN;
 26      END IF;
 27  
 28      SELECT IDJEU INTO IdJeuASupprimer FROM JEU WHERE NOM = NomDuJeu;
 29  
 30          BEGIN
 31              SAVEPOINT before_delete;
 32  
 33              DELETE SOUS_GENRE_JEU WHERE IDJEU = IdJeuASupprimer;
 34  
 35              DELETE SUCCES_CALCULE WHERE IDSUCCES = (SELECT SUCCES.IDSUCCES FROM SUCCES WHERE SUCCES.IDCONTENU = (SELECT CONTENU.IDCONTENU FROM CONTENU WHERE CONTENU.IDJEU = IdJeuASupprimer));
 36  
 37              DELETE SUCCES WHERE SUCCES.IDCONTENU = (SELECT CONTENU.IDCONTENU FROM CONTENU WHERE CONTENU.IDJEU = IdJeuASupprimer);
 38  
 39              DELETE CONTENU WHERE IDJEU = IdJeuASupprimer;
 40  
 41              DELETE JEU WHERE NOM = NomDuJeu;
 42  
 43              CodeExecution := 0; 
 44  
 45          EXCEPTION
 46  
 47          WHEN OTHERS THEN
 48              ROLLBACK TO before_delete;
 49              CodeExecution := 3;
 50          END;
 51  END;
 52  /

Elément Procedure SUPPRESSIONJEU compilé

SQL> @scripts/creation_fonctions.sql
SQL> REM CREATION DES FONCTIONS
SQL> 
SQL> @fonctions/succesPlusRealise.sql
SQL> CREATE OR REPLACE FUNCTION succesPlusRealise
  2  RETURN SUCCES.TITRE%TYPE
  3  IS
  4      IDSUCCESTROUVE SUCCES.IDSUCCES%TYPE;
  5      TITRESUCCESTROUVE SUCCES.TITRE%TYPE;
  6  BEGIN
  7      SELECT IDSUCCES INTO IDSUCCESTROUVE FROM SUCCES_REALISE 
  8      WHERE ROWNUM = 1
  9      GROUP BY IDSUCCES 
 10      ORDER BY COUNT(IDSUCCES) DESC;
 11  
 12      SELECT SUCCES.TITRE INTO TITRESUCCESTROUVE FROM SUCCES 
 13      WHERE SUCCES.IDSUCCES = IDSUCCESTROUVE;
 14  
 15      RETURN TITRESUCCESTROUVE;
 16  
 17  END;

Elément Function SUCCESPLUSREALISE compilé

SQL> @fonctions/validerGenre.sql
SQL> CREATE OR REPLACE FUNCTION validerGenre(
  2      CODEGENRE GENRE.CODE%TYPE
  3  )
  4  RETURN GENRE.CODE%TYPE
  5  IS
  6      CODEGENREPARENTTROUVE GENRE.CODE%TYPE;
  7  BEGIN
  8      SELECT CODEGENREPARENT INTO CODEGENREPARENTTROUVE FROM GENRE WHERE CODE = CODEGENRE;
  9  
 10      IF(CODEGENREPARENTTROUVE = CODEGENRE) THEN --C'EST PAS UN SOUS-GENRE
 11          RETURN CODEGENRE;
 12      ELSIF(CODEGENREPARENTTROUVE != CODEGENRE) THEN --C'EST UN SOUS GENRE
 13          RETURN CODEGENREPARENTTROUVE;
 14      END IF;
 15  END;

Elément Function VALIDERGENRE compilé

SQL> @fonctions/joueurLePlusPopulaire.sql
SQL> CREATE OR REPLACE FUNCTION joueurLePlusPopulaire
  2  RETURN JOUEUR.SURNOM%TYPE
  3  IS
  4      CURSOR cur_joueurPlusPopulaire IS
  5      SELECT JOUEUR.NOJOUEUR 
  6      FROM AMI, JOUEUR 
  7      WHERE AMI.NOJOUEURINVITANT = JOUEUR.NOJOUEUR 
  8      OR AMI.NOJOUEURINVITE = JOUEUR.NOJOUEUR 
  9      GROUP BY JOUEUR.NOJOUEUR 
 10      ORDER BY COUNT(AMI.CODESTATUT) DESC;
 11      noJoueurPlusPopulaire JOUEUR.NOJOUEUR%TYPE;
 12      joueurPlusPopulaire JOUEUR%ROWTYPE;
 13  BEGIN
 14      OPEN cur_joueurPlusPopulaire;
 15      FETCH cur_joueurPlusPopulaire INTO noJoueurPlusPopulaire;
 16  
 17      WHILE cur_joueurPlusPopulaire%FOUND LOOP
 18          SELECT JOUEUR.* INTO joueurPlusPopulaire FROM JOUEUR WHERE NOJOUEUR = noJoueurPlusPopulaire;
 19          IF (joueurPlusPopulaire.NOM IS NOT NULL AND joueurPlusPopulaire.PRENOM IS NOT NULL AND joueurPlusPopulaire.ACTIF = 1) THEN
 20              RETURN joueurPlusPopulaire.SURNOM;
 21          END IF;
 22          FETCH cur_joueurPlusPopulaire INTO noJoueurPlusPopulaire;
 23      END LOOP;
 24  
 25      CLOSE cur_joueurPlusPopulaire;
 26  
 27      RETURN NULL;
 28  
 29  END;

Elément Function JOUEURLEPLUSPOPULAIRE compilé

SQL> @fonctions/jeuLePlusPopulaire.sql
SQL> CREATE OR REPLACE FUNCTION jeuLePlusPopulaire(
  2      CodeESRBCherche ESRB.CODE%TYPE
  3  )
  4  RETURN JEU.NOM%TYPE
  5  IS
  6      CodeContenuPlusPopulaire CONTENU.IDCONTENU%TYPE;
  7      ContenuPlusPopulaire CONTENU%ROWTYPE;
  8      NomJeuPlusPopulaire JEU.NOM%TYPE;
  9  BEGIN
 10      SELECT CONTENU_POSSEDE.IDCONTENU
 11      INTO CodeContenuPlusPopulaire
 12      FROM CONTENU_POSSEDE
 13      WHERE CONTENU_POSSEDE.IDCONTENU IN 
 14          (SELECT IDCONTENU FROM CONTENU WHERE TYPECONTENU = 'J' AND IDJEU IN (SELECT IDJEU FROM JEU WHERE CODEESRB = CodeESRBCherche))
 15      AND CONTENU_POSSEDE.NOJOUEUR IN
 16          (SELECT JOUEUR.NOJOUEUR FROM JOUEUR WHERE JOUEUR.ACTIF = 1)
 17      AND EXISTS(SELECT * FROM SUCCES_REALISE WHERE IDCONTENU = CONTENU_POSSEDE.IDCONTENU AND NOJOUEUR = CONTENU_POSSEDE.NOJOUEUR)
 18      AND ROWNUM = 1
 19      GROUP BY CONTENU_POSSEDE.IDCONTENU 
 20      ORDER BY COUNT(CONTENU_POSSEDE.IDCONTENU) DESC;
 21  
 22      SELECT * 
 23      INTO ContenuPlusPopulaire
 24      FROM CONTENU
 25      WHERE IDCONTENU = CodeContenuPlusPopulaire;
 26  
 27      SELECT NOM
 28      INTO NomJeuPlusPopulaire
 29      FROM JEU
 30      WHERE IDJEU = ContenuPlusPopulaire.IDJEU;
 31  
 32      RETURN NomJeuPlusPopulaire;
 33  
 34  END;

Elément Function JEULEPLUSPOPULAIRE compilé

SQL> @scripts/creation_vues.sql
SQL> REM CREATION DES VUES
SQL> 
SQL> @vues/mesSucces.sql
SQL> CREATE OR REPLACE VIEW MesSucces
  2  as select SUCCES.Titre, succes.description, succes.valeur, succes_realise.nojoueur from SUCCES_REALISE
  3  JOIN SUCCES on SUCCES.IdSucces = succes_realise.idsucces
  4  
  5  union
  6  select succes.titre, succes.description, succes.valeur, succes_en_cours.nojoueur from succes_en_cours
  7  join succes on succes.idsucces = succes_en_cours.idsucces;

View MESSUCCES créé(e).

SQL> /
SQL> @vues/suivi.sql
SQL> CREATE OR REPLACE VIEW suiviReseau
  2  as select  suivi_reseau.moment,suivi_reseau.action, suivi_reseau.codereseau, reseau.nom from suivi_reseau
  3  join reseau on suivi_reseau.codereseau = reseau.code
  4  where suivi_reseau.nojoueur is null
  5  order by suivi_reseau.moment;

View SUIVIRESEAU créé(e).

SQL> /
SQL> 
SQL> 
SQL> CREATE OR REPLACE VIEW SuiviReseauJoueur
  2  as select suivi_reseau.moment, suivi_reseau.action, suivi_reseau.codereseau, joueur.surnom  from suivi_reseau
  3  join joueur on suivi_reseau.nojoueur = joueur.nojoueur 
  4  where suivi_reseau.nojoueur is not null
  5  order by suivi_reseau.moment;

View SUIVIRESEAUJOUEUR créé(e).

SQL> / 
SQL> 
SQL> 
SQL> CREATE OR REPLACE VIEW SuiviAmitieInvitation
  2  as select suivi_amitie.moment, joueur.surnom, joueur.nojoueur, suivi_amitie.nojoueurinvite, suivi_amitie.datesuivi, suivi_amitie.codestatut from SUIVI_AMITIE
  3  join joueur on joueur.nojoueur = suivi_amitie.nojoueurinvitant
  4  order by Suivi_amitie.moment;

View SUIVIAMITIEINVITATION créé(e).

SQL> /
SQL> @creation_donnees.sql
SQL> REM CREATION DES DONNÉES
SQL> 
SQL> INSERT INTO JOUEUR (Courriel, Surnom, Miniature, Nom, Prenom)
  2  	VALUES ('bob@hotmail.com', 'BOB LE JOUEUR', NULL, 'Robert', 'Paquette');

1 ligne inséré.

SQL> INSERT INTO JOUEUR (Courriel, Surnom, Miniature, Nom, Prenom, Actif)
  2  	VALUES ('fred@outlook.com', 'Fred Y', NULL, NULL, NULL, 0);

1 ligne inséré.

SQL> INSERT INTO JOUEUR (Courriel, Surnom, Miniature, Nom, Prenom, Actif)
  2  	VALUES ('roger@gmail.com', 'Roger la menace', NULL, 'Roger', 'Tremblay', 1);

1 ligne inséré.

SQL> INSERT INTO JOUEUR (Courriel, Surnom, Miniature, Nom, Prenom, Actif)
  2  	VALUES ('steve@hotmail.com', 'Steve le pirate', NULL, 'S', 'P', 1);

1 ligne inséré.

SQL> INSERT INTO JOUEUR (Courriel, Surnom, Miniature, Nom, Prenom, Actif)
  2  	VALUES ('sylvie@outlook.com', 'SILL VI', NULL, NULL, NULL, 1);

1 ligne inséré.

SQL> INSERT INTO JOUEUR (Courriel, Surnom, Miniature, Nom, Prenom, Actif)
  2  	VALUES ('barbie15@gmail.com', 'Tank Girl', NULL, 'Tank', NULL, 0);

1 ligne inséré.

SQL> 
SQL> INSERT INTO ESRB (Code, Description)
  2  	VALUES ('E', 'Enfants et adultes');

1 ligne inséré.

SQL> INSERT INTO ESRB (Code, Description)
  2  	VALUES ('T', 'Adolescents');

1 ligne inséré.

SQL> INSERT INTO ESRB (Code, Description)
  2  	VALUES ('M', 'Jeunes adultes');

1 ligne inséré.

SQL> INSERT INTO ESRB (Code, Description)
  2  	VALUES ('A', 'Adultes');

1 ligne inséré.

SQL> INSERT INTO ESRB (Code, Description)
  2  	VALUES ('R', 'En attente de classement');

1 ligne inséré.

SQL> 
SQL> INSERT INTO GENRE (Code, Description, CodeGenreParent)
  2  	VALUES ('ACT', 'Action', 'ACT');

1 ligne inséré.

SQL> INSERT INTO GENRE (Code, Description, CodeGenreParent)
  2  	VALUES ('HOR', 'Horreur', 'HOR');

1 ligne inséré.

SQL> INSERT INTO GENRE (Code, Description, CodeGenreParent)
  2  	VALUES ('SPT', 'Sport', 'SPT');

1 ligne inséré.

SQL> INSERT INTO GENRE (Code, Description, CodeGenreParent)
  2  	VALUES ('AVT', 'Aventure', 'ACT');

1 ligne inséré.

SQL> INSERT INTO GENRE (Code, Description, CodeGenreParent)
  2  	VALUES ('HCK', 'Hack and Slash', 'ACT');

1 ligne inséré.

SQL> INSERT INTO GENRE (Code, Description, CodeGenreParent)
  2  	VALUES ('SUR', 'Survie', 'HOR');

1 ligne inséré.

SQL> INSERT INTO GENRE (Code, Description, CodeGenreParent)
  2  	VALUES ('COU', 'Course', 'SPT');

1 ligne inséré.

SQL> 
SQL> INSERT INTO JEU (Nom, Description, CodeESRB, CodeGenre)
  2  	VALUES ('TOMB RAIDER', 'Les aventures de Lara Croft', 'T', 'ACT');

1 ligne inséré.

SQL> INSERT INTO JEU (Nom, Description, CodeESRB, CodeGenre)
  2  	VALUES ('Dying Light', 'Survivre dans un monde infesté de zombie. Bonne nuit!', 'M', 'HOR');

1 ligne inséré.

SQL> INSERT INTO JEU (Nom, Description, CodeESRB, CodeGenre)
  2  	VALUES ('CANDY CRUSH', 'Le super jeu', 'T', 'HOR');

1 ligne inséré.

SQL> 
SQL> INSERT INTO SOUS_GENRE_JEU (CodeSousGenre, IdJeu)
  2  	VALUES ('AVT', 1);

1 ligne inséré.

SQL> INSERT INTO SOUS_GENRE_JEU (CodeSousGenre, IdJeu)
  2  	VALUES ('SUR', 2);

1 ligne inséré.

SQL> 
SQL> INSERT INTO CONTENU (Nom, Description, DateSortie, TypeContenu, IdJeu)
  2  	VALUES ('Les quêtes principales', 'Les aventures de Lara Croft en Amazonie', to_date('2018-02-03'), 'J', 1);

1 ligne inséré.

SQL> INSERT INTO CONTENU (Nom, Description, DateSortie, TypeContenu, IdJeu)
  2  	VALUES ('La quête secondaire du dragon', 'Les aventures de Lara Croft en Chine', to_date('2018-06-23'), 'D', 1);

1 ligne inséré.

SQL> INSERT INTO CONTENU (Nom, Description, DateSortie, TypeContenu, IdJeu)
  2  	VALUES ('La quête secondaire de l''aigle', 'Les aventures de Lara Croft dans les montagnes', to_date('2018-11-11'),'D', 1);

1 ligne inséré.

SQL> INSERT INTO CONTENU (Nom, Description, DateSortie, TypeContenu, IdJeu)
  2  	VALUES ('Ensemble d''exploration', 'Équipements supplémentaires pour l''aventure', to_date('2018-12-01'), 'O', 1);

1 ligne inséré.

SQL> INSERT INTO CONTENU (Nom, Description, DateSortie, TypeContenu, IdJeu)
  2  	VALUES ('Chicago', 'La ville infestée de Chicago', to_date('2018-09-09'), 'J', 2);

1 ligne inséré.

SQL> INSERT INTO CONTENU (Nom, Description, DateSortie, TypeContenu, IdJeu)
  2  	VALUES ('Niveau1', 'Les 10 premiers niveaux', to_date('2019-01-24'), 'J', 3);

1 ligne inséré.

SQL> 
SQL> INSERT INTO CONTENU_POSSEDE (IdContenu, NoJoueur)
  2  	VALUES (1, 1);

1 ligne inséré.

SQL> INSERT INTO CONTENU_POSSEDE (IdContenu, NoJoueur)
  2  	VALUES (2, 1);

1 ligne inséré.

SQL> INSERT INTO CONTENU_POSSEDE (IdContenu, NoJoueur)
  2  	VALUES (3, 1);

1 ligne inséré.

SQL> INSERT INTO CONTENU_POSSEDE (IdContenu, NoJoueur)
  2  	VALUES (4, 1);

1 ligne inséré.

SQL> INSERT INTO CONTENU_POSSEDE (IdContenu, NoJoueur)
  2  	VALUES (1, 2);

1 ligne inséré.

SQL> INSERT INTO CONTENU_POSSEDE (IdContenu, NoJoueur)
  2  	VALUES (5, 2);

1 ligne inséré.

SQL> INSERT INTO CONTENU_POSSEDE (IdContenu, NoJoueur)
  2  	VALUES (1, 3);

1 ligne inséré.

SQL> INSERT INTO CONTENU_POSSEDE (IdContenu, NoJoueur)
  2  	VALUES (2, 3);

1 ligne inséré.

SQL> INSERT INTO CONTENU_POSSEDE (IdContenu, NoJoueur)
  2  	VALUES (3, 3);

1 ligne inséré.

SQL> INSERT INTO CONTENU_POSSEDE (IdContenu, NoJoueur)
  2  	VALUES (4, 3);

1 ligne inséré.

SQL> 
SQL> INSERT INTO SUCCES (Titre, Description, Valeur, IdContenu)
  2  	VALUES ('Survivre', 'Vous avez réussi à traverser la foret amazonienne', 50, 1);

1 ligne inséré.

SQL> INSERT INTO SUCCES (Titre, Description, Valeur, IdContenu)
  2  	VALUES ('Délivrance', 'Vous avez réussi à sauver Kevin', 10, 1);

1 ligne inséré.

SQL> INSERT INTO SUCCES (Titre, Description, Valeur, IdContenu)
  2  	VALUES ('Tenace', 'Rependre le combat après une raclée', 10, 1);

1 ligne inséré.

SQL> INSERT INTO SUCCES (Titre, Description, Valeur, IdContenu)
  2  	VALUES ('Rusé', 'Résoudre l''énigme du dragon', 20, 2);

1 ligne inséré.

SQL> INSERT INTO SUCCES (Titre, Description, Valeur, IdContenu)
  2  	VALUES ('Agile', 'Réussir un vol plané des hautes falaises', 20, 3);

1 ligne inséré.

SQL> INSERT INTO SUCCES (Titre, Description, Valeur, IdContenu)
  2  	VALUES ('Survivant', 'Survivre la première nuit dans la ville', 50, 5);

1 ligne inséré.

SQL> INSERT INTO SUCCES (Titre, Description, Valeur, IdContenu)
  2  	VALUES ('Mission_1', 'Vaincre le gros méchant zombie à la fin de la mission', 10, 5);

1 ligne inséré.

SQL> INSERT INTO SUCCES (Titre, Description, Valeur, IdContenu)
  2  	VALUES ('Herboriste', 'Recuperer des plantes médécinales', 5, 5);

1 ligne inséré.

SQL> INSERT INTO SUCCES (Titre, Description, Valeur, IdContenu)
  2  	VALUES ('Super bonbonnier', 'Reussir 5X un tableau en 10 secondes', 5, 6);

1 ligne inséré.

SQL> 
SQL> INSERT INTO SUCCES_CALCULE (IdSucces, MaximumRequis)
  2  	VALUES (8, 10);

1 ligne inséré.

SQL> INSERT INTO SUCCES_CALCULE (IdSucces, MaximumRequis)
  2  	VALUES (9, 5);

1 ligne inséré.

SQL> 
SQL> INSERT INTO SUCCES_REALISE (IdContenu, NoJoueur, IdSucces)
  2  	VALUES (1, 1, 1);

1 ligne inséré.

SQL> INSERT INTO SUCCES_REALISE (IdContenu, NoJoueur, IdSucces)
  2  	VALUES (1, 1, 2);

1 ligne inséré.

SQL> INSERT INTO SUCCES_REALISE (IdContenu, NoJoueur, IdSucces)
  2  	VALUES (1, 1, 3);

1 ligne inséré.

SQL> INSERT INTO SUCCES_REALISE (IdContenu, NoJoueur, IdSucces)
  2  	VALUES (1, 2, 1);

1 ligne inséré.

SQL> INSERT INTO SUCCES_REALISE (IdContenu, NoJoueur, IdSucces)
  2  	VALUES (5, 2, 6);

1 ligne inséré.

SQL> 
SQL> INSERT INTO SUCCES_EN_COURS (IdContenu, NoJoueur, IdSucces, Compteur)
  2  	VALUES (5, 2, 8, 7);

1 ligne inséré.

SQL> 
SQL> INSERT INTO FORFAIT (Code, Nom, Description)
  2  	VALUES ('GOLD1', 'XBox Gold' , 'Abonnement pour jouer en ligne et avoir des promotions');

1 ligne inséré.

SQL> INSERT INTO FORFAIT (Code, Nom, Description)
  2  	VALUES ('PASS1', 'XBox Game Pass' , 'Abonnement pour 100 jeux par mois');

1 ligne inséré.

SQL> INSERT INTO FORFAIT (Code, Nom, Description)
  2  	VALUES ('STAND', NULL , NULL);

1 ligne inséré.

SQL> 
SQL> 
SQL> INSERT INTO PERIODE (DateDebut, DateFin, Prix, CodeForfait)
  2  	VALUES (to_date('2020-01-01'), to_date('2020-12-31'), 85, 'GOLD1');

1 ligne inséré.

SQL> INSERT INTO PERIODE (DateDebut, DateFin, Prix, CodeForfait)
  2  	VALUES (to_date('2018-01-11'), to_date('2018-12-31'), 90, 'GOLD1');

1 ligne inséré.

SQL> INSERT INTO PERIODE (DateDebut, DateFin, Prix, CodeForfait)
  2  	VALUES (to_date('2019-06-11'), to_date('2020-12-31'), 50, 'PASS1');

1 ligne inséré.

SQL> INSERT INTO PERIODE (DateDebut, DateFin, Prix, CodeForfait)
  2  	VALUES (to_date('2000-01-01'), to_date('2030-12-31'), 0, 'STAND');

1 ligne inséré.

SQL> 
SQL> INSERT INTO PERIODE_FORFAIT_JOUEUR (IdPeriode, NoJoueur, DateAchat)
  2  	VALUES (1, 1, to_date('2020-06-06'));

1 ligne inséré.

SQL> INSERT INTO PERIODE_FORFAIT_JOUEUR (IdPeriode, NoJoueur, DateAchat)
  2  	VALUES (2, 2, to_date('2018-06-06'));

1 ligne inséré.

SQL> INSERT INTO PERIODE_FORFAIT_JOUEUR (IdPeriode, NoJoueur, DateAchat)
  2  	VALUES (1, 3, to_date('2020-10-06'));

1 ligne inséré.

SQL> INSERT INTO PERIODE_FORFAIT_JOUEUR (IdPeriode, NoJoueur, DateAchat)
  2  	VALUES (1, 4, to_date('2020-02-26'));

1 ligne inséré.

SQL> INSERT INTO PERIODE_FORFAIT_JOUEUR (IdPeriode, NoJoueur, DateAchat)
  2  	VALUES (2, 1, to_date('2018-04-04'));

1 ligne inséré.

SQL> INSERT INTO PERIODE_FORFAIT_JOUEUR (IdPeriode, NoJoueur, DateAchat)
  2  	VALUES (3, 1, to_date('2019-08-05'));

1 ligne inséré.

SQL> 
SQL> INSERT INTO RESEAU (Code, Nom, Description)
  2  	VALUES ('LACKEN', 'Les amis du Lac Kénogami', 'Bienvenue à tous!');

1 ligne inséré.

SQL> INSERT INTO RESEAU (Code, Nom, Description, Actif)
  2  	VALUES ('UQACBD', 'Le reseau des etudiants du 157', 'Tous les etudiants qui travaillent actuellement sur le PLSQL', 1);

1 ligne inséré.

SQL> INSERT INTO RESEAU (Code, Nom, Description, Actif)
  2  	VALUES ('FRANCO', 'Le reseau des francophones', 'Ici, pas de Bienvenue-Hi!', 0);

1 ligne inséré.

SQL> 
SQL> INSERT INTO ABONNEMENT_RESEAU (CodeReseau, NoJoueur)
  2  	VALUES ('LACKEN', 1);

1 ligne inséré.

SQL> INSERT INTO ABONNEMENT_RESEAU (CodeReseau, NoJoueur)
  2  	VALUES ('UQACBD', 1);

1 ligne inséré.

SQL> INSERT INTO ABONNEMENT_RESEAU (CodeReseau, NoJoueur)
  2  	VALUES ('FRANCO', 1);

1 ligne inséré.

SQL> INSERT INTO ABONNEMENT_RESEAU (CodeReseau, NoJoueur)
  2  	VALUES ('FRANCO', 2);

1 ligne inséré.

SQL> INSERT INTO ABONNEMENT_RESEAU (CodeReseau, NoJoueur)
  2  	VALUES ('FRANCO', 3);

1 ligne inséré.

SQL> INSERT INTO ABONNEMENT_RESEAU (CodeReseau, NoJoueur)
  2  	VALUES ('UQACBD', 4);

1 ligne inséré.

SQL> INSERT INTO ABONNEMENT_RESEAU (CodeReseau, NoJoueur)
  2  	VALUES ('UQACBD', 5);

1 ligne inséré.

SQL> 
SQL> INSERT INTO STATUT_AMITIE (CodeStatut, Description)
  2  	VALUES ('NOU', 'Nouveau ami');

1 ligne inséré.

SQL> INSERT INTO STATUT_AMITIE (CodeStatut, Description)
  2  	VALUES ('FIN', 'Fin de l''amitié');

1 ligne inséré.

SQL> INSERT INTO STATUT_AMITIE (CodeStatut, Description)
  2  	VALUES ('REL', 'Rel. distante seulement');

1 ligne inséré.

SQL> INSERT INTO STATUT_AMITIE (CodeStatut, Description)
  2  	VALUES ('PRO', 'Rel. professionnelle');

1 ligne inséré.

SQL> 
SQL> INSERT INTO AMI (NoJoueurInvitant, NoJoueurInvite, DateDebut, CodeStatut)
  2  	VALUES (1, 2, to_date('2019-06-08'), 'NOU');

1 ligne inséré.

SQL> INSERT INTO AMI (NoJoueurInvitant, NoJoueurInvite, DateDebut, CodeStatut)
  2  	VALUES (1, 6, to_date('2019-06-10'), 'FIN');

1 ligne inséré.

SQL> INSERT INTO AMI (NoJoueurInvitant, NoJoueurInvite, DateDebut, CodeStatut)
  2  	VALUES (2, 3, to_date('2019-01-01'), 'NOU');

1 ligne inséré.

SQL> INSERT INTO AMI (NoJoueurInvitant, NoJoueurInvite, DateDebut, CodeStatut)
  2  	VALUES (2, 4, to_date('2019-02-02'), 'NOU');

1 ligne inséré.

SQL> INSERT INTO AMI (NoJoueurInvitant, NoJoueurInvite, DateDebut, CodeStatut)
  2  	VALUES (2, 5, to_date('2019-03-03'), 'PRO');

1 ligne inséré.

SQL> INSERT INTO AMI (NoJoueurInvitant, NoJoueurInvite, DateDebut, CodeStatut)
  2  	VALUES (6, 2, to_date('2019-04-04'), 'REL');

1 ligne inséré.

SQL> INSERT INTO AMI (NoJoueurInvitant, NoJoueurInvite, DateDebut, CodeStatut)
  2  	VALUES (3, 6, to_date('2019-06-04'), 'NOU');

1 ligne inséré.

SQL> 
SQL> spool off
