SQL> 
SQL> @validation/validation_vues.sql
SQL> REM VALIDATION DES VUES
SQL> 
SQL> SELECT * FROM mesSucces WHERE NoJoueur = 2;

Erreur commençant à la ligne: 3 Fichier @ file:/C:/Users/HansIV4/Documents/git repos/TP2_BD/TP2_BD/SQL_DEPART/validation/validation_vues.sql
Dans la commande -
SELECT * FROM mesSucces WHERE NoJoueur = 2
Erreur à la ligne de commande: 3 Colonne: 15 Fichier @ file:/C:/Users/HansIV4/Documents/git repos/TP2_BD/TP2_BD/SQL_DEPART/validation/validation_vues.sql
Rapport d'erreur -
Erreur SQL : ORA-00942: Table ou vue inexistante
00942. 00000 -  "table or view does not exist"
*Cause:    
*Action:
SQL> 
SQL> SELECT * FROM suiviReseau;

Erreur commençant à la ligne: 5 Fichier @ file:/C:/Users/HansIV4/Documents/git repos/TP2_BD/TP2_BD/SQL_DEPART/validation/validation_vues.sql
Dans la commande -
SELECT * FROM suiviReseau
Erreur à la ligne de commande: 5 Colonne: 15 Fichier @ file:/C:/Users/HansIV4/Documents/git repos/TP2_BD/TP2_BD/SQL_DEPART/validation/validation_vues.sql
Rapport d'erreur -
Erreur SQL : ORA-00942: Table ou vue inexistante
00942. 00000 -  "table or view does not exist"
*Cause:    
*Action:
SQL> 
SQL> SELECT * FROM suiviReseauJoueur;

Erreur commençant à la ligne: 7 Fichier @ file:/C:/Users/HansIV4/Documents/git repos/TP2_BD/TP2_BD/SQL_DEPART/validation/validation_vues.sql
Dans la commande -
SELECT * FROM suiviReseauJoueur
Erreur à la ligne de commande: 7 Colonne: 15 Fichier @ file:/C:/Users/HansIV4/Documents/git repos/TP2_BD/TP2_BD/SQL_DEPART/validation/validation_vues.sql
Rapport d'erreur -
Erreur SQL : ORA-00942: Table ou vue inexistante
00942. 00000 -  "table or view does not exist"
*Cause:    
*Action:
SQL> 
SQL> SELECT * FROM suiviAmitieInvitation;

Erreur commençant à la ligne: 9 Fichier @ file:/C:/Users/HansIV4/Documents/git repos/TP2_BD/TP2_BD/SQL_DEPART/validation/validation_vues.sql
Dans la commande -
SELECT * FROM suiviAmitieInvitation
Erreur à la ligne de commande: 9 Colonne: 15 Fichier @ file:/C:/Users/HansIV4/Documents/git repos/TP2_BD/TP2_BD/SQL_DEPART/validation/validation_vues.sql
Rapport d'erreur -
Erreur SQL : ORA-00942: Table ou vue inexistante
00942. 00000 -  "table or view does not exist"
*Cause:    
*Action:
SQL> @validation/validation_fonctions.sql
SQL> REM VALIDATION DES FONCTIONS
SQL> 
SQL> SET SERVEROUTPUT ON
SQL> SET ECHO ON
SQL> 
SQL> 
SQL> 
SQL> REM ------ joueurLePlusPopulaire
SQL> 
SQL> SELECT joueurLePlusPopulaire FROM DUAL;

Erreur commençant à la ligne: 10 Fichier @ file:/C:/Users/HansIV4/Documents/git repos/TP2_BD/TP2_BD/SQL_DEPART/validation/validation_fonctions.sql
Dans la commande -
SELECT joueurLePlusPopulaire FROM DUAL
Erreur à la ligne de commande: 10 Colonne: 8 Fichier @ file:/C:/Users/HansIV4/Documents/git repos/TP2_BD/TP2_BD/SQL_DEPART/validation/validation_fonctions.sql
Rapport d'erreur -
Erreur SQL : ORA-00904: "JOUEURLEPLUSPOPULAIRE" : identificateur non valide
00904. 00000 -  "%s: invalid identifier"
*Cause:    
*Action:
SQL> 
SQL> 
SQL> 
SQL> 
SQL> REM ------ jeuLePlusPopulaire
SQL> 
SQL> DECLARE
  2  	CodeESRB	CHAR(1);
  3  	Nom			VARCHAR2(100);
  4  BEGIN
  5   	CodeESRB := 'T';
  6  	SELECT jeuLePlusPopulaire(CodeESRB) INTO Nom FROM DUAL;
  7  	dbms_output.put_line('Nom : ' || Nom);
  8  END; 
  9  /

Erreur commençant à la ligne: 17 Fichier @ C:\Users\HansIV4\Documents\git repos\TP2_BD\TP2_BD\SQL_DEPART\validation\validation_fonctions.sql
Dans la commande -
DECLARE
	CodeESRB	CHAR(1);
	Nom			VARCHAR2(100);
BEGIN
 	CodeESRB := 'T';
	SELECT jeuLePlusPopulaire(CodeESRB) INTO Nom FROM DUAL;
	dbms_output.put_line('Nom : ' || Nom);
END;
Rapport d'erreur -
ORA-06550: Ligne 6, colonne 9 :
PL/SQL: ORA-00904: "JEULEPLUSPOPULAIRE" : identificateur non valide
ORA-06550: Ligne 6, colonne 2 :
PL/SQL: SQL Statement ignored
06550. 00000 -  "line %s, column %s:\n%s"
*Cause:    Usually a PL/SQL compilation error.
*Action:
SQL> 
SQL> 
SQL> 
SQL> 
SQL> REM ------ succesPlusRealise
SQL> 
SQL> DECLARE
  2      titreSucces VARCHAR2(50);
  3  BEGIN
  4  	SELECT succesPlusRealise() INTO titreSucces FROM DUAL;
  5  	dbms_output.put_line('titreSucces : ' || titreSucces);
  6  END; 
  7  /

Erreur commençant à la ligne: 32 Fichier @ C:\Users\HansIV4\Documents\git repos\TP2_BD\TP2_BD\SQL_DEPART\validation\validation_fonctions.sql
Dans la commande -
DECLARE
    titreSucces VARCHAR2(50);
BEGIN
	SELECT succesPlusRealise() INTO titreSucces FROM DUAL;
	dbms_output.put_line('titreSucces : ' || titreSucces);
END;
Rapport d'erreur -
ORA-06550: Ligne 4, colonne 9 :
PL/SQL: ORA-00904: "SUCCESPLUSREALISE" : identificateur non valide
ORA-06550: Ligne 4, colonne 2 :
PL/SQL: SQL Statement ignored
06550. 00000 -  "line %s, column %s:\n%s"
*Cause:    Usually a PL/SQL compilation error.
*Action:
SQL> 
SQL> 
SQL> 
SQL> 
SQL> REM ------ validerGenre
SQL> 
SQL> DECLARE
  2      genreRecherche CHAR(3);
  3      genreResultat CHAR(3);
  4  BEGIN
  5      -- TEST #1 : Le genre recherche est un genre
  6      genreRecherche := 'HOR';
  7  	SELECT validerGenre(genreRecherche) INTO genreResultat FROM DUAL;
  8  	dbms_output.put_line('genreRecherche : ' || genreRecherche);
  9  	dbms_output.put_line('genreResultat : ' || genreResultat);
 10  
 11      -- TEST #2 : Le genre recherche est un sous genre
 12      genreRecherche := 'HCK';
 13  	SELECT validerGenre(genreRecherche) INTO genreResultat FROM DUAL;
 14  	dbms_output.put_line('genreRecherche : ' || genreRecherche);
 15  	dbms_output.put_line('genreResultat : ' || genreResultat);
 16  END; 
 17  /

Erreur commençant à la ligne: 45 Fichier @ C:\Users\HansIV4\Documents\git repos\TP2_BD\TP2_BD\SQL_DEPART\validation\validation_fonctions.sql
Dans la commande -
DECLARE
    genreRecherche CHAR(3);
    genreResultat CHAR(3);
BEGIN
    -- TEST #1 : Le genre recherche est un genre
    genreRecherche := 'HOR';
	SELECT validerGenre(genreRecherche) INTO genreResultat FROM DUAL;
	dbms_output.put_line('genreRecherche : ' || genreRecherche);
	dbms_output.put_line('genreResultat : ' || genreResultat);

    -- TEST #2 : Le genre recherche est un sous genre
    genreRecherche := 'HCK';
	SELECT validerGenre(genreRecherche) INTO genreResultat FROM DUAL;
	dbms_output.put_line('genreRecherche : ' || genreRecherche);
	dbms_output.put_line('genreResultat : ' || genreResultat);
END;
Rapport d'erreur -
ORA-06550: Ligne 7, colonne 9 :
PL/SQL: ORA-00904: "VALIDERGENRE" : identificateur non valide
ORA-06550: Ligne 7, colonne 2 :
PL/SQL: SQL Statement ignored
ORA-06550: Ligne 13, colonne 9 :
PL/SQL: ORA-00904: "VALIDERGENRE" : identificateur non valide
ORA-06550: Ligne 13, colonne 2 :
PL/SQL: SQL Statement ignored
06550. 00000 -  "line %s, column %s:\n%s"
*Cause:    Usually a PL/SQL compilation error.
*Action:
SQL> @validation/validation_declencheurs.sql
SQL> REM VALIDATION DES DECLENCHEURS
SQL> 
SQL> 
SQL> REM ------ Validation des sequences
SQL> 
SQL> SELECT JEU_SEQ.NEXTVAL FROM DUAL;

   NEXTVAL
----------
         3

SQL> SELECT CONTENU_SEQ.NEXTVAL FROM DUAL;

   NEXTVAL
----------
         3

SQL> SELECT SUCCES_SEQ.NEXTVAL FROM DUAL;

   NEXTVAL
----------
         3

SQL> SELECT PERIODE_SEQ.NEXTVAL FROM DUAL;

   NEXTVAL
----------
         3

SQL> SELECT JOUEUR_SEQ.NEXTVAL FROM DUAL;

   NEXTVAL
----------
         3

SQL> SELECT SUIVI_AMITIE_SEQ.NEXTVAL FROM DUAL;

   NEXTVAL
----------
         3

SQL> SELECT SUIVI_RESEAU_SEQ.NEXTVAL FROM DUAL;

   NEXTVAL
----------
         3

SQL> 
SQL> 
SQL> 
SQL> 
SQL> 
SQL> REM ------ Validation de declencheur "nouveauSuccesEnCours"
SQL> 
SQL> SELECT * FROM SUCCES_CALCULE;
aucune ligne sélectionnée
SQL> 
SQL> INSERT INTO SUCCES_REALISE (IdContenu, NoJoueur, IdSucces)
  2  VALUES (1, 1, 8);

Erreur commençant à la ligne: 22 Fichier @ C:\Users\HansIV4\Documents\git repos\TP2_BD\TP2_BD\SQL_DEPART\validation\validation_declencheurs.sql
Dans la commande -
INSERT INTO SUCCES_REALISE (IdContenu, NoJoueur, IdSucces)
VALUES (1, 1, 8)
Rapport d'erreur -
ORA-02291: violation de contrainte d'intégrité (TRD157_2020_05.SUCCES_REALISE_CONTENU_FK) - clé parent introuvable

SQL> INSERT INTO SUCCES_EN_COURS (IdContenu, NoJoueur, IdSucces, Compteur)
  2  VALUES (1, 1, 8, 0);

Erreur commençant à la ligne: 24 Fichier @ C:\Users\HansIV4\Documents\git repos\TP2_BD\TP2_BD\SQL_DEPART\validation\validation_declencheurs.sql
Dans la commande -
INSERT INTO SUCCES_EN_COURS (IdContenu, NoJoueur, IdSucces, Compteur)
VALUES (1, 1, 8, 0)
Rapport d'erreur -
ORA-02290: violation de contraintes (TRD157_2020_05.CHECK_SUCCES_EN_COURS_COMPTEUR) de vérification

SQL> 
SQL> 
SQL> 
SQL> 
SQL> 
SQL> REM ------ Validation de declencheur "genre"
SQL> 
SQL> SELECT IdJeu, CodeGenre FROM JEU;
aucune ligne sélectionnée
SQL> 
SQL> SELECT * FROM SOUS_GENRE_JEU
  2  WHERE IdJeu = 1;
aucune ligne sélectionnée
SQL> 
SQL> -- TEST #1 : UPDATE DANS CHANGER LE GENRE
SQL> UPDATE JEU
  2  SET CodeGenre = 'ACT'
  3  WHERE IdJeu = 1;

0 lignes mis à jour.

SQL> 
SQL> SELECT * FROM SOUS_GENRE_JEU
  2  WHERE IdJeu = 1;
aucune ligne sélectionnée
SQL> 
SQL> -- TEST #2 : UPDATE AVEC MODIFICATION DE GENRE
SQL> 
SQL> UPDATE JEU
  2  SET CodeGenre = 'HOR'
  3  WHERE IdJeu = 1;

0 lignes mis à jour.

SQL> 
SQL> SELECT * FROM SOUS_GENRE_JEU
  2  WHERE IdJeu = 1;
aucune ligne sélectionnée
SQL> 
SQL> 
SQL> 
SQL> 
SQL> 
SQL> 
SQL> REM ------ Validation de declencheur "suiviReseau"
SQL> 
SQL> INSERT INTO RESEAU (Code, Nom, Description)
  2  VALUES ('TEST3', 'TEST DE SUIVI', 'SUIVI DE CREATION DU RESEAU');

Erreur commençant à la ligne: 62 Fichier @ C:\Users\HansIV4\Documents\git repos\TP2_BD\TP2_BD\SQL_DEPART\validation\validation_declencheurs.sql
Dans la commande -
INSERT INTO RESEAU (Code, Nom, Description)
VALUES ('TEST3', 'TEST DE SUIVI', 'SUIVI DE CREATION DU RESEAU')
Rapport d'erreur -
ORA-00001: violation de contrainte unique (TRD157_2020_05.RESEAU_PK)

SQL> 
SQL> UPDATE RESEAU SET ACTIF = '1' WHERE Code = 'TEST3';

1 ligne mis à jour.

SQL> UPDATE RESEAU SET ACTIF = '0' WHERE Code = 'TEST3';

1 ligne mis à jour.

SQL> 
SQL> SELECT * FROM SUIVI_RESEAU
  2  WHERE CodeReseau = 'TEST3';
aucune ligne sélectionnée
SQL> 
SQL> DELETE FROM SUIVI_RESEAU
  2  WHERE CodeReseau = 'TEST3';

0 lignes supprimé.

SQL> 
SQL> 
SQL> 
SQL> 
SQL> 
SQL> 
SQL> 
SQL> REM ------ Validation de declencheur "suiviAbonnementReseau"
SQL> 
SQL> INSERT INTO RESEAU (Code, Nom, Description)
  2  	VALUES ('TEST02', 'TEST', 'TEST');

Erreur commençant à la ligne: 82 Fichier @ C:\Users\HansIV4\Documents\git repos\TP2_BD\TP2_BD\SQL_DEPART\validation\validation_declencheurs.sql
Dans la commande -
INSERT INTO RESEAU (Code, Nom, Description)
	VALUES ('TEST02', 'TEST', 'TEST')
Rapport d'erreur -
ORA-00001: violation de contrainte unique (TRD157_2020_05.RESEAU_PK)

SQL> 
SQL> INSERT INTO ABONNEMENT_RESEAU (CodeReseau, NoJoueur)
  2  VALUES ('TEST02', 1);

Erreur commençant à la ligne: 85 Fichier @ C:\Users\HansIV4\Documents\git repos\TP2_BD\TP2_BD\SQL_DEPART\validation\validation_declencheurs.sql
Dans la commande -
INSERT INTO ABONNEMENT_RESEAU (CodeReseau, NoJoueur)
VALUES ('TEST02', 1)
Rapport d'erreur -
ORA-02291: violation de contrainte d'intégrité (TRD157_2020_05.ABONNEMENT_NO_JOUEUR_FK) - clé parent introuvable

SQL> 
SQL> DELETE FROM ABONNEMENT_RESEAU
  2  WHERE CodeReseau = 'TEST02';

0 lignes supprimé.

SQL> 
SQL> SELECT * FROM SUIVI_RESEAU
  2  WHERE CodeReseau = 'TEST02';
aucune ligne sélectionnée
SQL> 
SQL> DELETE FROM SUIVI_RESEAU
  2  WHERE CodeReseau = 'TEST02';

0 lignes supprimé.

SQL> 
SQL> 
SQL> 
SQL> 
SQL> 
SQL> 
SQL> REM ------ Validation de declencheur "suiviAmi"
SQL> 
SQL> INSERT INTO AMI(noJoueurInvitant, NoJoueurInvite, DateDebut, CodeStatut)
  2  VALUES (1, 4, To_DATE(sysdate), 'NOU');

Erreur commençant à la ligne: 104 Fichier @ C:\Users\HansIV4\Documents\git repos\TP2_BD\TP2_BD\SQL_DEPART\validation\validation_declencheurs.sql
Dans la commande -
INSERT INTO AMI(noJoueurInvitant, NoJoueurInvite, DateDebut, CodeStatut)
VALUES (1, 4, To_DATE(sysdate), 'NOU')
Rapport d'erreur -
ORA-02291: violation de contrainte d'intégrité (TRD157_2020_05.AMI_NO_JOUEUR_INVITE_FK) - clé parent introuvable

SQL> 
SQL> UPDATE AMI
  2  SET CodeStatut = 'REL'
  3  WHERE nojoueurinvitant = 1 AND NoJoueurInvite = 4;

0 lignes mis à jour.

SQL> 
SQL> UPDATE AMI
  2  SET CodeStatut = 'FIN'
  3  WHERE nojoueurinvitant = 1 AND NoJoueurInvite = 4;

0 lignes mis à jour.

SQL> 
SQL> SELECT * FROM SUIVI_AMITIE
  2  WHERE nojoueurinvitant = 1 AND NoJoueurInvite = 4;
aucune ligne sélectionnée
SQL> 
SQL> DELETE FROM SUIVI_AMITIE
  2  WHERE nojoueurinvitant = 1 AND NoJoueurInvite = 4;

0 lignes supprimé.

SQL> @validation/validation_procedures.sql
SQL> REM VALIDATION DES PROCEDURES
SQL> 
SQL> @valider_procedure_ajoutForfait.sql
SQL> REM VALIDATION DE LA PROCEDURE ajoutForfait
SQL> 
SQL> SET SERVEROUTPUT ON
SQL> 
SQL> -- Initialisation
SQL> DELETE FROM PERIODE
  2  WHERE CodeForfait like 'TEST%';

0 lignes supprimé.

SQL> 
SQL> DELETE FROM FORFAIT
  2  WHERE code like 'TEST%';

0 lignes supprimé.

SQL> 
SQL> DECLARE
  2      code CHAR(5);
  3      nom VARCHAR2(100);
  4      description VARCHAR2(1000);
  5      prix NUMBER(6,2);
  6  BEGIN
  7      -- TEST #1 : Insertion reguliere
  8  	code := 'TEST1';
  9      nom := 'SUPER FORFAIT';
 10      description := 'Description du SUPER FORFAIT';
 11      prix := 100;
 12      ajoutForfait(code, nom, description, prix);
 13  
 14      -- TEST #2 : Test du nom NULL
 15  	code := 'TEST2';
 16      nom := NULL;
 17      description := NULL;
 18      prix := 10.99;
 19      ajoutForfait(code, nom, description, prix);
 20  
 21  END; 
 22  /

Erreur commençant à la ligne: 12 Fichier @ C:\Users\HansIV4\Documents\git repos\TP2_BD\TP2_BD\SQL_DEPART\validation\valider_procedure_ajoutForfait.sql
Dans la commande -
DECLARE
    code CHAR(5);
    nom VARCHAR2(100);
    description VARCHAR2(1000);
    prix NUMBER(6,2);
BEGIN
    -- TEST #1 : Insertion reguliere
	code := 'TEST1';
    nom := 'SUPER FORFAIT';
    description := 'Description du SUPER FORFAIT';
    prix := 100;
    ajoutForfait(code, nom, description, prix);

    -- TEST #2 : Test du nom NULL
	code := 'TEST2';
    nom := NULL;
    description := NULL;
    prix := 10.99;
    ajoutForfait(code, nom, description, prix);

END;
Rapport d'erreur -
ORA-06550: Ligne 12, colonne 5 :
PLS-00201: identifier 'AJOUTFORFAIT' must be declared
ORA-06550: Ligne 12, colonne 5 :
PL/SQL: Statement ignored
ORA-06550: Ligne 19, colonne 5 :
PLS-00201: identifier 'AJOUTFORFAIT' must be declared
ORA-06550: Ligne 19, colonne 5 :
PL/SQL: Statement ignored
06550. 00000 -  "line %s, column %s:\n%s"
*Cause:    Usually a PL/SQL compilation error.
*Action:
SQL> -- Verification
SQL> SELECT * FROM FORFAIT
  2  WHERE Code like 'TEST%';
aucune ligne sélectionnée
SQL> 
SQL> SELECT * FROM PERIODE
  2  WHERE CodeForfait like 'TEST%';
aucune ligne sélectionnée
SQL> 
SQL> -- SUPPRESSION DES TEST
SQL> DELETE FROM PERIODE
  2  WHERE CodeForfait like 'TEST%';

0 lignes supprimé.

SQL> DELETE FROM FORFAIT
  2  WHERE code like 'TEST%';

0 lignes supprimé.

SQL> @valider_procedure_prolongationForfait.sql
SQL> REM VALIDATION DE LA PROCEDURE prolongationForfait
SQL> 
SQL> SET SERVEROUTPUT ON
SQL> 
SQL> -- Initialisation
SQL> SELECT *
  2  FROM periode_forfait_joueur pfj, periode p
  3  WHERE pfj.idPeriode = p.idPeriode
  4  AND pfj.dateachat >= add_months(sysdate,-12);
aucune ligne sélectionnée
SQL> 
SQL> DECLARE
  2      code CHAR(5);
  3      nombreJoueursTouches INTEGER;
  4  BEGIN
  5      -- TEST #1
  6  	code := 'GOLD1';
  7      prolongationForfait(code, nombreJoueursTouches);
  8      dbms_output.put_line('nombreJoueursTouches : ' || nombreJoueursTouches);
  9  
 10      -- TEST #2
 11  	code := 'TEST1';
 12      prolongationForfait(code, nombreJoueursTouches);
 13      dbms_output.put_line('nombreJoueursTouches : ' || nombreJoueursTouches);
 14  
 15  END; 
 16  /

Erreur commençant à la ligne: 11 Fichier @ C:\Users\HansIV4\Documents\git repos\TP2_BD\TP2_BD\SQL_DEPART\validation\valider_procedure_prolongationForfait.sql
Dans la commande -
DECLARE
    code CHAR(5);
    nombreJoueursTouches INTEGER;
BEGIN
    -- TEST #1
	code := 'GOLD1';
    prolongationForfait(code, nombreJoueursTouches);
    dbms_output.put_line('nombreJoueursTouches : ' || nombreJoueursTouches);

    -- TEST #2
	code := 'TEST1';
    prolongationForfait(code, nombreJoueursTouches);
    dbms_output.put_line('nombreJoueursTouches : ' || nombreJoueursTouches);

END;
Rapport d'erreur -
ORA-06550: Ligne 7, colonne 5 :
PLS-00201: identifier 'PROLONGATIONFORFAIT' must be declared
ORA-06550: Ligne 7, colonne 5 :
PL/SQL: Statement ignored
ORA-06550: Ligne 12, colonne 5 :
PLS-00201: identifier 'PROLONGATIONFORFAIT' must be declared
ORA-06550: Ligne 12, colonne 5 :
PL/SQL: Statement ignored
06550. 00000 -  "line %s, column %s:\n%s"
*Cause:    Usually a PL/SQL compilation error.
*Action:
SQL> 
SQL> -- Verification
SQL> REM La liste des forfaits de joueurs valides
SQL> SELECT * 
  2  FROM periode_forfait_joueur pfj, periode p
  3  WHERE pfj.idPeriode = p.idPeriode
  4  AND pfj.dateachat >= add_months(sysdate,-12);
aucune ligne sélectionnée
SQL> @valider_procedure_ajusterPromotion.sql
SQL> REM VALIDATION DE LA PROCEDURE ajusterPromotion
SQL> 
SQL> SET SERVEROUTPUT ON
SQL> 
SQL> SELECT * FROM PERIODE;
aucune ligne sélectionnée
SQL> 
SQL> DECLARE
  2      codeForfait	CHAR(5);
  3  	prix		NUMBER (6,2);
  4  BEGIN
  5      -- TEST
  6      ajusterPromotion(codeForfait, prix);
  7      dbms_output.put_line('codeForfait : ' || codeForfait);
  8      dbms_output.put_line('Prix : ' || prix);
  9  END; 
 10  /

Erreur commençant à la ligne: 7 Fichier @ C:\Users\HansIV4\Documents\git repos\TP2_BD\TP2_BD\SQL_DEPART\validation\valider_procedure_ajusterPromotion.sql
Dans la commande -
DECLARE
    codeForfait	CHAR(5);
	prix		NUMBER (6,2);
BEGIN
    -- TEST
    ajusterPromotion(codeForfait, prix);
    dbms_output.put_line('codeForfait : ' || codeForfait);
    dbms_output.put_line('Prix : ' || prix);
END;
Rapport d'erreur -
ORA-06550: Ligne 6, colonne 5 :
PLS-00201: identifier 'AJUSTERPROMOTION' must be declared
ORA-06550: Ligne 6, colonne 5 :
PL/SQL: Statement ignored
06550. 00000 -  "line %s, column %s:\n%s"
*Cause:    Usually a PL/SQL compilation error.
*Action:
SQL> 
SQL> SELECT * FROM PERIODE;
aucune ligne sélectionnée
SQL> @valider_procedure_suppressionJeu.sql
SQL> REM VALIDATION DE LA PROCEDURE suppressionJeu
SQL> 
SQL> SET SERVEROUTPUT ON
SQL> 
SQL> -- Initialisation
SQL> SELECT * FROM JEU;
aucune ligne sélectionnée
SQL> SELECT * FROM CONTENU;
aucune ligne sélectionnée
SQL> SELECT * FROM SUCCES;
aucune ligne sélectionnée
SQL> SELECT * FROM SUCCES_CALCULE;
aucune ligne sélectionnée
SQL> 
SQL> DECLARE
  2      resultat INTEGER;
  3      nomJeu VARCHAR2(100);
  4  BEGIN
  5      -- TEST #1 : Un jeu que personne ne possede
  6  	nomJeu := 'CANDY CRUSH';
  7      suppressionJeu(resultat, nomJeu);
  8      dbms_output.put_line('resultat : ' || resultat);
  9  
 10      -- TEST #2 : un jeu possede (ROLLBACK)
 11  	nomJeu := 'TOMB RAIDER';
 12      suppressionJeu(resultat, nomJeu);
 13      dbms_output.put_line('resultat : ' || resultat);
 14  
 15  END; 
 16  /

Erreur commençant à la ligne: 11 Fichier @ C:\Users\HansIV4\Documents\git repos\TP2_BD\TP2_BD\SQL_DEPART\validation\valider_procedure_suppressionJeu.sql
Dans la commande -
DECLARE
    resultat INTEGER;
    nomJeu VARCHAR2(100);
BEGIN
    -- TEST #1 : Un jeu que personne ne possede
	nomJeu := 'CANDY CRUSH';
    suppressionJeu(resultat, nomJeu);
    dbms_output.put_line('resultat : ' || resultat);

    -- TEST #2 : un jeu possede (ROLLBACK)
	nomJeu := 'TOMB RAIDER';
    suppressionJeu(resultat, nomJeu);
    dbms_output.put_line('resultat : ' || resultat);

END;
Rapport d'erreur -
ORA-06550: Ligne 7, colonne 5 :
PLS-00201: identifier 'SUPPRESSIONJEU' must be declared
ORA-06550: Ligne 7, colonne 5 :
PL/SQL: Statement ignored
ORA-06550: Ligne 12, colonne 5 :
PLS-00201: identifier 'SUPPRESSIONJEU' must be declared
ORA-06550: Ligne 12, colonne 5 :
PL/SQL: Statement ignored
06550. 00000 -  "line %s, column %s:\n%s"
*Cause:    Usually a PL/SQL compilation error.
*Action:
SQL> 
SQL> SELECT * FROM JEU;
aucune ligne sélectionnée
SQL> SELECT * FROM CONTENU;
aucune ligne sélectionnée
SQL> SELECT * FROM SUCCES;
aucune ligne sélectionnée
SQL> SELECT * FROM SUCCES_CALCULE;
aucune ligne sélectionnée
SQL> 
SQL> spool off
